grid: 4 variants x 2 label sets x 4 repeats x 3 seeds x 5 folds = 480 fits (changed samples: 10, epochs: 100, smoke: False)
full labels=original repeat=0 seed=42 fold=0 selected_epochs=11 fit_s=8.5 eta_min=68.1
full labels=original repeat=0 seed=42 fold=1 selected_epochs=63 fit_s=27.8 eta_min=144.6
full labels=original repeat=0 seed=42 fold=2 selected_epochs=42 fit_s=19.1 eta_min=146.7
full labels=original repeat=0 seed=42 fold=3 selected_epochs=27 fit_s=14.0 eta_min=137.5
full labels=original repeat=0 seed=42 fold=4 selected_epochs=29 fit_s=13.9 eta_min=131.8
full labels=original repeat=0 seed=7 fold=0 selected_epochs=53 fit_s=23.8 eta_min=140.9
full labels=original repeat=0 seed=7 fold=1 selected_epochs=4 fit_s=4.5 eta_min=125.6
full labels=original repeat=0 seed=7 fold=2 selected_epochs=40 fit_s=18.6 eta_min=127.9
full labels=original repeat=0 seed=7 fold=3 selected_epochs=87 fit_s=37.4 eta_min=146.1
full labels=original repeat=0 seed=7 fold=4 selected_epochs=15 fit_s=8.9 eta_min=138.2
full labels=original repeat=0 seed=123 fold=0 selected_epochs=62 fit_s=26.7 eta_min=144.3
full labels=original repeat=0 seed=123 fold=1 selected_epochs=70 fit_s=30.0 eta_min=151.5
full labels=original repeat=0 seed=123 fold=2 selected_epochs=43 fit_s=19.5 eta_min=151.2
full labels=original repeat=0 seed=123 fold=3 selected_epochs=48 fit_s=22.3 eta_min=152.4
full labels=original repeat=0 seed=123 fold=4 selected_epochs=74 fit_s=31.4 eta_min=158.2
full labels=original repeat=1 seed=42 fold=0 selected_epochs=20 fit_s=10.5 eta_min=153.0
full labels=original repeat=1 seed=42 fold=1 selected_epochs=6 fit_s=5.2 eta_min=146.1
full labels=original repeat=1 seed=42 fold=2 selected_epochs=23 fit_s=11.8 eta_min=142.7
full labels=original repeat=1 seed=42 fold=3 selected_epochs=32 fit_s=15.0 eta_min=140.9
full labels=original repeat=1 seed=42 fold=4 selected_epochs=90 fit_s=37.8 eta_min=148.1
full labels=original repeat=1 seed=7 fold=0 selected_epochs=57 fit_s=25.2 eta_min=149.9
full labels=original repeat=1 seed=7 fold=1 selected_epochs=55 fit_s=24.3 eta_min=151.2
full labels=original repeat=1 seed=7 fold=2 selected_epochs=4 fit_s=4.4 eta_min=145.8
full labels=original repeat=1 seed=7 fold=3 selected_epochs=24 fit_s=12.7 eta_min=143.4
full labels=original repeat=1 seed=7 fold=4 selected_epochs=50 fit_s=23.0 eta_min=144.4
full labels=original repeat=1 seed=123 fold=0 selected_epochs=7 fit_s=5.6 eta_min=140.1
full labels=original repeat=1 seed=123 fold=1 selected_epochs=36 fit_s=17.1 eta_min=139.4
full labels=original repeat=1 seed=123 fold=2 selected_epochs=26 fit_s=12.7 eta_min=137.6
full labels=original repeat=1 seed=123 fold=3 selected_epochs=21 fit_s=11.1 eta_min=135.4
full labels=original repeat=1 seed=123 fold=4 selected_epochs=70 fit_s=30.6 eta_min=138.2
full labels=original repeat=2 seed=42 fold=0 selected_epochs=20 fit_s=10.7 eta_min=136.1
full labels=original repeat=2 seed=42 fold=1 selected_epochs=57 fit_s=25.1 eta_min=137.4
full labels=original repeat=2 seed=42 fold=2 selected_epochs=3 fit_s=4.0 eta_min=133.8
full labels=original repeat=2 seed=42 fold=3 selected_epochs=13 fit_s=8.0 eta_min=131.4
full labels=original repeat=2 seed=42 fold=4 selected_epochs=27 fit_s=13.4 eta_min=130.1
full labels=original repeat=2 seed=7 fold=0 selected_epochs=10 fit_s=6.9 eta_min=127.7
full labels=original repeat=2 seed=7 fold=1 selected_epochs=15 fit_s=9.0 eta_min=125.7
full labels=original repeat=2 seed=7 fold=2 selected_epochs=65 fit_s=28.4 eta_min=127.6
full labels=original repeat=2 seed=7 fold=3 selected_epochs=46 fit_s=20.7 eta_min=128.0
full labels=original repeat=2 seed=7 fold=4 selected_epochs=10 fit_s=6.7 eta_min=125.7
full labels=original repeat=2 seed=123 fold=0 selected_epochs=34 fit_s=15.8 eta_min=125.2
full labels=original repeat=2 seed=123 fold=1 selected_epochs=48 fit_s=21.6 eta_min=125.7
full labels=original repeat=2 seed=123 fold=2 selected_epochs=50 fit_s=22.2 eta_min=126.3
full labels=original repeat=2 seed=123 fold=3 selected_epochs=21 fit_s=11.2 eta_min=125.0
full labels=original repeat=2 seed=123 fold=4 selected_epochs=19 fit_s=10.3 eta_min=123.6
full labels=original repeat=3 seed=42 fold=0 selected_epochs=28 fit_s=13.6 eta_min=122.7
full labels=original repeat=3 seed=42 fold=1 selected_epochs=68 fit_s=29.7 eta_min=124.4
full labels=original repeat=3 seed=42 fold=2 selected_epochs=50 fit_s=22.2 eta_min=124.9
full labels=original repeat=3 seed=42 fold=3 selected_epochs=11 fit_s=7.4 eta_min=123.1
full labels=original repeat=3 seed=42 fold=4 selected_epochs=11 fit_s=7.5 eta_min=121.5
full labels=original repeat=3 seed=7 fold=0 selected_epochs=91 fit_s=36.8 eta_min=124.0
full labels=original repeat=3 seed=7 fold=1 selected_epochs=77 fit_s=33.1 eta_min=125.8
full labels=original repeat=3 seed=7 fold=2 selected_epochs=30 fit_s=15.2 eta_min=125.2
full labels=original repeat=3 seed=7 fold=3 selected_epochs=10 fit_s=7.0 eta_min=123.5
full labels=original repeat=3 seed=7 fold=4 selected_epochs=40 fit_s=19.2 eta_min=123.5
full labels=original repeat=3 seed=123 fold=0 selected_epochs=21 fit_s=11.0 eta_min=122.4
full labels=original repeat=3 seed=123 fold=1 selected_epochs=50 fit_s=22.1 eta_min=122.7
full labels=original repeat=3 seed=123 fold=2 selected_epochs=30 fit_s=14.5 eta_min=122.0
full labels=original repeat=3 seed=123 fold=3 selected_epochs=64 fit_s=28.2 eta_min=123.0
full labels=original repeat=3 seed=123 fold=4 selected_epochs=14 fit_s=8.4 eta_min=121.7
{'model': 'full', 'labels': 'original', 'all120_accuracy': 0.3375, 'all120_accuracy_std': 0.026679684322636867, 'all120_balanced_accuracy': 0.3203983516483516, 'all120_macro_f1': 0.30107649860203345, 'unchanged110_accuracy': 0.34090909090909094, 'unchanged110_accuracy_std': 0.020829889522526554, 'unchanged110_balanced_accuracy': 0.32138244519823467, 'unchanged110_macro_f1': 0.2983968016702852, 'n_params': 155090, 'fit_seconds_mean': 17.38096619328329}
full labels=corrected repeat=0 seed=42 fold=0 selected_epochs=28 fit_s=13.7 eta_min=121.0
full labels=corrected repeat=0 seed=42 fold=1 selected_epochs=37 fit_s=16.9 eta_min=120.6
full labels=corrected repeat=0 seed=42 fold=2 selected_epochs=37 fit_s=17.4 eta_min=120.3
full labels=corrected repeat=0 seed=42 fold=3 selected_epochs=16 fit_s=9.5 eta_min=119.2
full labels=corrected repeat=0 seed=42 fold=4 selected_epochs=42 fit_s=19.1 eta_min=119.1
full labels=corrected repeat=0 seed=7 fold=0 selected_epochs=52 fit_s=22.6 eta_min=119.4
full labels=corrected repeat=0 seed=7 fold=1 selected_epochs=37 fit_s=17.3 eta_min=119.1
full labels=corrected repeat=0 seed=7 fold=2 selected_epochs=31 fit_s=14.8 eta_min=118.6
full labels=corrected repeat=0 seed=7 fold=3 selected_epochs=80 fit_s=35.6 eta_min=120.1
full labels=corrected repeat=0 seed=7 fold=4 selected_epochs=38 fit_s=17.9 eta_min=119.8
full labels=corrected repeat=0 seed=123 fold=0 selected_epochs=20 fit_s=10.7 eta_min=118.9
full labels=corrected repeat=0 seed=123 fold=1 selected_epochs=27 fit_s=13.0 eta_min=118.2
full labels=corrected repeat=0 seed=123 fold=2 selected_epochs=12 fit_s=7.6 eta_min=117.0
full labels=corrected repeat=0 seed=123 fold=3 selected_epochs=1 fit_s=3.2 eta_min=115.4
full labels=corrected repeat=0 seed=123 fold=4 selected_epochs=20 fit_s=10.6 eta_min=114.5
full labels=corrected repeat=1 seed=42 fold=0 selected_epochs=39 fit_s=17.6 eta_min=114.3
full labels=corrected repeat=1 seed=42 fold=1 selected_epochs=35 fit_s=16.5 eta_min=114.0
full labels=corrected repeat=1 seed=42 fold=2 selected_epochs=79 fit_s=34.2 eta_min=115.2
full labels=corrected repeat=1 seed=42 fold=3 selected_epochs=43 fit_s=19.6 eta_min=115.1
full labels=corrected repeat=1 seed=42 fold=4 selected_epochs=45 fit_s=20.9 eta_min=115.1
full labels=corrected repeat=1 seed=7 fold=0 selected_epochs=50 fit_s=22.4 eta_min=115.3
full labels=corrected repeat=1 seed=7 fold=1 selected_epochs=69 fit_s=30.0 eta_min=116.0
full labels=corrected repeat=1 seed=7 fold=2 selected_epochs=55 fit_s=24.2 eta_min=116.2
full labels=corrected repeat=1 seed=7 fold=3 selected_epochs=64 fit_s=27.9 eta_min=116.8
full labels=corrected repeat=1 seed=7 fold=4 selected_epochs=35 fit_s=17.1 eta_min=116.4
full labels=corrected repeat=1 seed=123 fold=0 selected_epochs=39 fit_s=17.6 eta_min=116.1
full labels=corrected repeat=1 seed=123 fold=1 selected_epochs=28 fit_s=13.9 eta_min=115.6
full labels=corrected repeat=1 seed=123 fold=2 selected_epochs=49 fit_s=22.1 eta_min=115.6
full labels=corrected repeat=1 seed=123 fold=3 selected_epochs=19 fit_s=10.3 eta_min=114.8
full labels=corrected repeat=1 seed=123 fold=4 selected_epochs=48 fit_s=22.6 eta_min=114.8
full labels=corrected repeat=2 seed=42 fold=0 selected_epochs=22 fit_s=11.3 eta_min=114.1
full labels=corrected repeat=2 seed=42 fold=1 selected_epochs=51 fit_s=22.8 eta_min=114.1
full labels=corrected repeat=2 seed=42 fold=2 selected_epochs=28 fit_s=13.9 eta_min=113.6
full labels=corrected repeat=2 seed=42 fold=3 selected_epochs=70 fit_s=29.9 eta_min=114.1
full labels=corrected repeat=2 seed=42 fold=4 selected_epochs=23 fit_s=11.7 eta_min=113.4
full labels=corrected repeat=2 seed=7 fold=0 selected_epochs=16 fit_s=9.4 eta_min=112.6
full labels=corrected repeat=2 seed=7 fold=1 selected_epochs=96 fit_s=37.9 eta_min=113.6
full labels=corrected repeat=2 seed=7 fold=2 selected_epochs=56 fit_s=24.2 eta_min=113.7
full labels=corrected repeat=2 seed=7 fold=3 selected_epochs=50 fit_s=21.7 eta_min=113.7
full labels=corrected repeat=2 seed=7 fold=4 selected_epochs=57 fit_s=24.8 eta_min=113.8
full labels=corrected repeat=2 seed=123 fold=0 selected_epochs=61 fit_s=26.4 eta_min=114.1
full labels=corrected repeat=2 seed=123 fold=1 selected_epochs=13 fit_s=8.1 eta_min=113.1
full labels=corrected repeat=2 seed=123 fold=2 selected_epochs=23 fit_s=11.8 eta_min=112.5
full labels=corrected repeat=2 seed=123 fold=3 selected_epochs=43 fit_s=19.9 eta_min=112.3
full labels=corrected repeat=2 seed=123 fold=4 selected_epochs=48 fit_s=21.7 eta_min=112.2
full labels=corrected repeat=3 seed=42 fold=0 selected_epochs=41 fit_s=19.2 eta_min=112.0
full labels=corrected repeat=3 seed=42 fold=1 selected_epochs=57 fit_s=24.8 eta_min=112.1
full labels=corrected repeat=3 seed=42 fold=2 selected_epochs=23 fit_s=11.8 eta_min=111.4
full labels=corrected repeat=3 seed=42 fold=3 selected_epochs=59 fit_s=26.1 eta_min=111.6
full labels=corrected repeat=3 seed=42 fold=4 selected_epochs=41 fit_s=19.4 eta_min=111.4
full labels=corrected repeat=3 seed=7 fold=0 selected_epochs=65 fit_s=28.5 eta_min=111.6
full labels=corrected repeat=3 seed=7 fold=1 selected_epochs=49 fit_s=21.9 eta_min=111.5
full labels=corrected repeat=3 seed=7 fold=2 selected_epochs=46 fit_s=20.7 eta_min=111.4
full labels=corrected repeat=3 seed=7 fold=3 selected_epochs=67 fit_s=29.9 eta_min=111.7
full labels=corrected repeat=3 seed=7 fold=4 selected_epochs=53 fit_s=25.0 eta_min=111.8
full labels=corrected repeat=3 seed=123 fold=0 selected_epochs=34 fit_s=16.3 eta_min=111.3
full labels=corrected repeat=3 seed=123 fold=1 selected_epochs=48 fit_s=21.4 eta_min=111.2
full labels=corrected repeat=3 seed=123 fold=2 selected_epochs=28 fit_s=13.5 eta_min=110.6
full labels=corrected repeat=3 seed=123 fold=3 selected_epochs=19 fit_s=10.1 eta_min=109.9
full labels=corrected repeat=3 seed=123 fold=4 selected_epochs=16 fit_s=9.3 eta_min=109.2
{'model': 'full', 'labels': 'corrected', 'all120_accuracy': 0.35, 'all120_accuracy_std': 0.03535533905932738, 'all120_balanced_accuracy': 0.29496124031007753, 'all120_macro_f1': 0.2822046030490013, 'unchanged110_accuracy': 0.35000000000000003, 'unchanged110_accuracy_std': 0.026891271741361897, 'unchanged110_balanced_accuracy': 0.30242495531969216, 'unchanged110_macro_f1': 0.2848369127171092, 'n_params': 155090, 'fit_seconds_mean': 19.006661674452094}
spectral labels=original repeat=0 seed=42 fold=0 selected_epochs=20 fit_s=5.6 eta_min=108.2
spectral labels=original repeat=0 seed=42 fold=1 selected_epochs=20 fit_s=5.5 eta_min=107.3
spectral labels=original repeat=0 seed=42 fold=2 selected_epochs=23 fit_s=6.2 eta_min=106.4
spectral labels=original repeat=0 seed=42 fold=3 selected_epochs=42 fit_s=10.2 eta_min=105.8
spectral labels=original repeat=0 seed=42 fold=4 selected_epochs=25 fit_s=6.6 eta_min=105.0
spectral labels=original repeat=0 seed=7 fold=0 selected_epochs=55 fit_s=12.7 eta_min=104.4
spectral labels=original repeat=0 seed=7 fold=1 selected_epochs=16 fit_s=4.7 eta_min=103.5
spectral labels=original repeat=0 seed=7 fold=2 selected_epochs=58 fit_s=13.3 eta_min=103.0
spectral labels=original repeat=0 seed=7 fold=3 selected_epochs=32 fit_s=8.3 eta_min=102.3
spectral labels=original repeat=0 seed=7 fold=4 selected_epochs=31 fit_s=8.1 eta_min=101.6
spectral labels=original repeat=0 seed=123 fold=0 selected_epochs=46 fit_s=10.6 eta_min=101.0
spectral labels=original repeat=0 seed=123 fold=1 selected_epochs=43 fit_s=9.8 eta_min=100.4
spectral labels=original repeat=0 seed=123 fold=2 selected_epochs=44 fit_s=10.2 eta_min=99.8
spectral labels=original repeat=0 seed=123 fold=3 selected_epochs=43 fit_s=10.0 eta_min=99.2
spectral labels=original repeat=0 seed=123 fold=4 selected_epochs=23 fit_s=6.2 eta_min=98.4
spectral labels=original repeat=1 seed=42 fold=0 selected_epochs=27 fit_s=6.6 eta_min=97.7
spectral labels=original repeat=1 seed=42 fold=1 selected_epochs=23 fit_s=6.1 eta_min=97.0
spectral labels=original repeat=1 seed=42 fold=2 selected_epochs=27 fit_s=7.1 eta_min=96.3
spectral labels=original repeat=1 seed=42 fold=3 selected_epochs=20 fit_s=5.5 eta_min=95.5
spectral labels=original repeat=1 seed=42 fold=4 selected_epochs=42 fit_s=9.9 eta_min=95.0
spectral labels=original repeat=1 seed=7 fold=0 selected_epochs=55 fit_s=12.4 eta_min=94.5
spectral labels=original repeat=1 seed=7 fold=1 selected_epochs=41 fit_s=9.7 eta_min=94.0
spectral labels=original repeat=1 seed=7 fold=2 selected_epochs=15 fit_s=4.5 eta_min=93.2
spectral labels=original repeat=1 seed=7 fold=3 selected_epochs=57 fit_s=13.0 eta_min=92.8
spectral labels=original repeat=1 seed=7 fold=4 selected_epochs=33 fit_s=8.4 eta_min=92.2
spectral labels=original repeat=1 seed=123 fold=0 selected_epochs=29 fit_s=7.2 eta_min=91.6
spectral labels=original repeat=1 seed=123 fold=1 selected_epochs=23 fit_s=5.9 eta_min=90.9
spectral labels=original repeat=1 seed=123 fold=2 selected_epochs=37 fit_s=8.7 eta_min=90.3
spectral labels=original repeat=1 seed=123 fold=3 selected_epochs=46 fit_s=10.7 eta_min=89.9
spectral labels=original repeat=1 seed=123 fold=4 selected_epochs=65 fit_s=18.2 eta_min=89.7
spectral labels=original repeat=2 seed=42 fold=0 selected_epochs=20 fit_s=5.5 eta_min=89.0
spectral labels=original repeat=2 seed=42 fold=1 selected_epochs=27 fit_s=6.8 eta_min=88.4
spectral labels=original repeat=2 seed=42 fold=2 selected_epochs=3 fit_s=2.1 eta_min=87.6
spectral labels=original repeat=2 seed=42 fold=3 selected_epochs=20 fit_s=5.4 eta_min=87.0
spectral labels=original repeat=2 seed=42 fold=4 selected_epochs=27 fit_s=7.3 eta_min=86.4
spectral labels=original repeat=2 seed=7 fold=0 selected_epochs=15 fit_s=4.6 eta_min=85.7
spectral labels=original repeat=2 seed=7 fold=1 selected_epochs=31 fit_s=7.7 eta_min=85.2
spectral labels=original repeat=2 seed=7 fold=2 selected_epochs=54 fit_s=12.3 eta_min=84.8
spectral labels=original repeat=2 seed=7 fold=3 selected_epochs=55 fit_s=12.6 eta_min=84.4
spectral labels=original repeat=2 seed=7 fold=4 selected_epochs=16 fit_s=4.8 eta_min=83.8
spectral labels=original repeat=2 seed=123 fold=0 selected_epochs=37 fit_s=9.1 eta_min=83.3
spectral labels=original repeat=2 seed=123 fold=1 selected_epochs=37 fit_s=9.0 eta_min=82.9
spectral labels=original repeat=2 seed=123 fold=2 selected_epochs=46 fit_s=10.8 eta_min=82.4
spectral labels=original repeat=2 seed=123 fold=3 selected_epochs=41 fit_s=9.4 eta_min=82.0
spectral labels=original repeat=2 seed=123 fold=4 selected_epochs=37 fit_s=8.7 eta_min=81.5
spectral labels=original repeat=3 seed=42 fold=0 selected_epochs=27 fit_s=6.8 eta_min=81.0
spectral labels=original repeat=3 seed=42 fold=1 selected_epochs=20 fit_s=5.6 eta_min=80.4
spectral labels=original repeat=3 seed=42 fold=2 selected_epochs=27 fit_s=7.0 eta_min=79.9
spectral labels=original repeat=3 seed=42 fold=3 selected_epochs=20 fit_s=5.6 eta_min=79.3
spectral labels=original repeat=3 seed=42 fold=4 selected_epochs=17 fit_s=5.0 eta_min=78.8
spectral labels=original repeat=3 seed=7 fold=0 selected_epochs=32 fit_s=7.9 eta_min=78.3
spectral labels=original repeat=3 seed=7 fold=1 selected_epochs=58 fit_s=12.6 eta_min=78.0
spectral labels=original repeat=3 seed=7 fold=2 selected_epochs=55 fit_s=12.4 eta_min=77.6
spectral labels=original repeat=3 seed=7 fold=3 selected_epochs=15 fit_s=4.6 eta_min=77.1
spectral labels=original repeat=3 seed=7 fold=4 selected_epochs=42 fit_s=10.3 eta_min=76.7
spectral labels=original repeat=3 seed=123 fold=0 selected_epochs=46 fit_s=10.7 eta_min=76.3
spectral labels=original repeat=3 seed=123 fold=1 selected_epochs=46 fit_s=10.7 eta_min=75.9
spectral labels=original repeat=3 seed=123 fold=2 selected_epochs=26 fit_s=6.7 eta_min=75.4
spectral labels=original repeat=3 seed=123 fold=3 selected_epochs=37 fit_s=8.9 eta_min=75.0
spectral labels=original repeat=3 seed=123 fold=4 selected_epochs=24 fit_s=6.4 eta_min=74.5
{'model': 'spectral', 'labels': 'original', 'all120_accuracy': 0.3333333333333333, 'all120_accuracy_std': 0.024999999999999994, 'all120_balanced_accuracy': 0.31118131868131865, 'all120_macro_f1': 0.28219484891989866, 'unchanged110_accuracy': 0.32954545454545453, 'unchanged110_accuracy_std': 0.0330132705598499, 'unchanged110_balanced_accuracy': 0.3134312652733705, 'unchanged110_macro_f1': 0.2782739988690347, 'n_params': 46278, 'fit_seconds_mean': 8.3241092015019}
spectral labels=corrected repeat=0 seed=42 fold=0 selected_epochs=58 fit_s=13.2 eta_min=74.2
spectral labels=corrected repeat=0 seed=42 fold=1 selected_epochs=66 fit_s=14.8 eta_min=74.0
spectral labels=corrected repeat=0 seed=42 fold=2 selected_epochs=30 fit_s=7.2 eta_min=73.5
spectral labels=corrected repeat=0 seed=42 fold=3 selected_epochs=27 fit_s=6.9 eta_min=73.1
spectral labels=corrected repeat=0 seed=42 fold=4 selected_epochs=27 fit_s=7.0 eta_min=72.6
spectral labels=corrected repeat=0 seed=7 fold=0 selected_epochs=40 fit_s=9.7 eta_min=72.2
spectral labels=corrected repeat=0 seed=7 fold=1 selected_epochs=40 fit_s=9.6 eta_min=71.8
spectral labels=corrected repeat=0 seed=7 fold=2 selected_epochs=53 fit_s=12.3 eta_min=71.5
spectral labels=corrected repeat=0 seed=7 fold=3 selected_epochs=44 fit_s=10.5 eta_min=71.2
spectral labels=corrected repeat=0 seed=7 fold=4 selected_epochs=40 fit_s=9.5 eta_min=70.8
spectral labels=corrected repeat=0 seed=123 fold=0 selected_epochs=55 fit_s=12.3 eta_min=70.5
spectral labels=corrected repeat=0 seed=123 fold=1 selected_epochs=18 fit_s=5.0 eta_min=70.0
spectral labels=corrected repeat=0 seed=123 fold=2 selected_epochs=54 fit_s=12.3 eta_min=69.7
spectral labels=corrected repeat=0 seed=123 fold=3 selected_epochs=1 fit_s=1.7 eta_min=69.2
spectral labels=corrected repeat=0 seed=123 fold=4 selected_epochs=23 fit_s=6.0 eta_min=68.7
spectral labels=corrected repeat=1 seed=42 fold=0 selected_epochs=28 fit_s=7.1 eta_min=68.3
spectral labels=corrected repeat=1 seed=42 fold=1 selected_epochs=46 fit_s=10.8 eta_min=68.0
spectral labels=corrected repeat=1 seed=42 fold=2 selected_epochs=23 fit_s=6.1 eta_min=67.5
spectral labels=corrected repeat=1 seed=42 fold=3 selected_epochs=23 fit_s=5.8 eta_min=67.1
spectral labels=corrected repeat=1 seed=42 fold=4 selected_epochs=98 fit_s=19.7 eta_min=67.0
spectral labels=corrected repeat=1 seed=7 fold=0 selected_epochs=94 fit_s=19.4 eta_min=66.9
spectral labels=corrected repeat=1 seed=7 fold=1 selected_epochs=40 fit_s=9.7 eta_min=66.5
spectral labels=corrected repeat=1 seed=7 fold=2 selected_epochs=40 fit_s=9.5 eta_min=66.2
spectral labels=corrected repeat=1 seed=7 fold=3 selected_epochs=30 fit_s=7.6 eta_min=65.8
spectral labels=corrected repeat=1 seed=7 fold=4 selected_epochs=61 fit_s=14.3 eta_min=65.5
spectral labels=corrected repeat=1 seed=123 fold=0 selected_epochs=40 fit_s=9.6 eta_min=65.2
spectral labels=corrected repeat=1 seed=123 fold=1 selected_epochs=50 fit_s=11.5 eta_min=64.9
spectral labels=corrected repeat=1 seed=123 fold=2 selected_epochs=65 fit_s=13.9 eta_min=64.6
spectral labels=corrected repeat=1 seed=123 fold=3 selected_epochs=23 fit_s=6.1 eta_min=64.2
spectral labels=corrected repeat=1 seed=123 fold=4 selected_epochs=47 fit_s=11.3 eta_min=63.9
spectral labels=corrected repeat=2 seed=42 fold=0 selected_epochs=32 fit_s=7.8 eta_min=63.6
spectral labels=corrected repeat=2 seed=42 fold=1 selected_epochs=27 fit_s=6.9 eta_min=63.2
spectral labels=corrected repeat=2 seed=42 fold=2 selected_epochs=28 fit_s=7.0 eta_min=62.8
spectral labels=corrected repeat=2 seed=42 fold=3 selected_epochs=23 fit_s=5.9 eta_min=62.4
spectral labels=corrected repeat=2 seed=42 fold=4 selected_epochs=64 fit_s=14.2 eta_min=62.1
spectral labels=corrected repeat=2 seed=7 fold=0 selected_epochs=35 fit_s=8.3 eta_min=61.8
spectral labels=corrected repeat=2 seed=7 fold=1 selected_epochs=40 fit_s=9.6 eta_min=61.5
spectral labels=corrected repeat=2 seed=7 fold=2 selected_epochs=81 fit_s=17.5 eta_min=61.3
spectral labels=corrected repeat=2 seed=7 fold=3 selected_epochs=31 fit_s=7.6 eta_min=60.9
spectral labels=corrected repeat=2 seed=7 fold=4 selected_epochs=61 fit_s=13.9 eta_min=60.7
spectral labels=corrected repeat=2 seed=123 fold=0 selected_epochs=43 fit_s=9.9 eta_min=60.4
spectral labels=corrected repeat=2 seed=123 fold=1 selected_epochs=12 fit_s=3.8 eta_min=60.0
spectral labels=corrected repeat=2 seed=123 fold=2 selected_epochs=23 fit_s=6.1 eta_min=59.6
spectral labels=corrected repeat=2 seed=123 fold=3 selected_epochs=37 fit_s=8.6 eta_min=59.2
spectral labels=corrected repeat=2 seed=123 fold=4 selected_epochs=54 fit_s=11.8 eta_min=59.0
spectral labels=corrected repeat=3 seed=42 fold=0 selected_epochs=27 fit_s=6.6 eta_min=58.6
spectral labels=corrected repeat=3 seed=42 fold=1 selected_epochs=57 fit_s=12.8 eta_min=58.4
spectral labels=corrected repeat=3 seed=42 fold=2 selected_epochs=23 fit_s=5.9 eta_min=58.0
spectral labels=corrected repeat=3 seed=42 fold=3 selected_epochs=37 fit_s=8.7 eta_min=57.7
spectral labels=corrected repeat=3 seed=42 fold=4 selected_epochs=41 fit_s=10.1 eta_min=57.4
spectral labels=corrected repeat=3 seed=7 fold=0 selected_epochs=38 fit_s=8.9 eta_min=57.0
spectral labels=corrected repeat=3 seed=7 fold=1 selected_epochs=60 fit_s=13.3 eta_min=56.8
spectral labels=corrected repeat=3 seed=7 fold=2 selected_epochs=32 fit_s=7.7 eta_min=56.5
spectral labels=corrected repeat=3 seed=7 fold=3 selected_epochs=40 fit_s=9.4 eta_min=56.2
spectral labels=corrected repeat=3 seed=7 fold=4 selected_epochs=59 fit_s=13.4 eta_min=55.9
spectral labels=corrected repeat=3 seed=123 fold=0 selected_epochs=23 fit_s=6.0 eta_min=55.6
spectral labels=corrected repeat=3 seed=123 fold=1 selected_epochs=65 fit_s=14.5 eta_min=55.4
spectral labels=corrected repeat=3 seed=123 fold=2 selected_epochs=1 fit_s=1.7 eta_min=54.9
spectral labels=corrected repeat=3 seed=123 fold=3 selected_epochs=49 fit_s=11.2 eta_min=54.7
spectral labels=corrected repeat=3 seed=123 fold=4 selected_epochs=37 fit_s=8.9 eta_min=54.4
{'model': 'spectral', 'labels': 'corrected', 'all120_accuracy': 0.3375, 'all120_accuracy_std': 0.019094065395649326, 'all120_balanced_accuracy': 0.28353905784138345, 'all120_macro_f1': 0.263419841147423, 'unchanged110_accuracy': 0.34545454545454546, 'unchanged110_accuracy_std': 0.01437398936440173, 'unchanged110_balanced_accuracy': 0.29690556953714853, 'unchanged110_macro_f1': 0.27434067443022564, 'n_params': 46278, 'fit_seconds_mean': 9.647009539685678}
depth labels=original repeat=0 seed=42 fold=0 selected_epochs=8 fit_s=3.1 eta_min=54.0
depth labels=original repeat=0 seed=42 fold=1 selected_epochs=35 fit_s=8.4 eta_min=53.6
depth labels=original repeat=0 seed=42 fold=2 selected_epochs=20 fit_s=5.5 eta_min=53.3
depth labels=original repeat=0 seed=42 fold=3 selected_epochs=24 fit_s=6.5 eta_min=53.0
depth labels=original repeat=0 seed=42 fold=4 selected_epochs=20 fit_s=5.5 eta_min=52.6
depth labels=original repeat=0 seed=7 fold=0 selected_epochs=26 fit_s=6.3 eta_min=52.3
depth labels=original repeat=0 seed=7 fold=1 selected_epochs=4 fit_s=2.2 eta_min=51.9
depth labels=original repeat=0 seed=7 fold=2 selected_epochs=10 fit_s=3.5 eta_min=51.5
depth labels=original repeat=0 seed=7 fold=3 selected_epochs=12 fit_s=3.9 eta_min=51.1
depth labels=original repeat=0 seed=7 fold=4 selected_epochs=11 fit_s=3.6 eta_min=50.8
depth labels=original repeat=0 seed=123 fold=0 selected_epochs=41 fit_s=9.3 eta_min=50.5
depth labels=original repeat=0 seed=123 fold=1 selected_epochs=60 fit_s=12.7 eta_min=50.2
depth labels=original repeat=0 seed=123 fold=2 selected_epochs=37 fit_s=8.8 eta_min=50.0
depth labels=original repeat=0 seed=123 fold=3 selected_epochs=39 fit_s=9.5 eta_min=49.7
depth labels=original repeat=0 seed=123 fold=4 selected_epochs=26 fit_s=6.7 eta_min=49.4
depth labels=original repeat=1 seed=42 fold=0 selected_epochs=20 fit_s=5.5 eta_min=49.0
depth labels=original repeat=1 seed=42 fold=1 selected_epochs=6 fit_s=2.7 eta_min=48.7
depth labels=original repeat=1 seed=42 fold=2 selected_epochs=8 fit_s=3.0 eta_min=48.3
depth labels=original repeat=1 seed=42 fold=3 selected_epochs=22 fit_s=5.6 eta_min=48.0
depth labels=original repeat=1 seed=42 fold=4 selected_epochs=63 fit_s=14.3 eta_min=47.8
depth labels=original repeat=1 seed=7 fold=0 selected_epochs=34 fit_s=11.1 eta_min=47.5
depth labels=original repeat=1 seed=7 fold=1 selected_epochs=41 fit_s=13.8 eta_min=47.3
depth labels=original repeat=1 seed=7 fold=2 selected_epochs=5 fit_s=4.3 eta_min=47.0
depth labels=original repeat=1 seed=7 fold=3 selected_epochs=24 fit_s=23.0 eta_min=46.9
depth labels=original repeat=1 seed=7 fold=4 selected_epochs=20 fit_s=27.4 eta_min=46.9
depth labels=original repeat=1 seed=123 fold=0 selected_epochs=10 fit_s=17.2 eta_min=46.7
depth labels=original repeat=1 seed=123 fold=1 selected_epochs=34 fit_s=42.2 eta_min=46.9
depth labels=original repeat=1 seed=123 fold=2 selected_epochs=30 fit_s=37.1 eta_min=47.0
depth labels=original repeat=1 seed=123 fold=3 selected_epochs=28 fit_s=35.2 eta_min=47.1
depth labels=original repeat=1 seed=123 fold=4 selected_epochs=22 fit_s=30.7 eta_min=47.1
depth labels=original repeat=2 seed=42 fold=0 selected_epochs=11 fit_s=18.5 eta_min=46.9
depth labels=original repeat=2 seed=42 fold=1 selected_epochs=20 fit_s=27.4 eta_min=46.9
depth labels=original repeat=2 seed=42 fold=2 selected_epochs=3 fit_s=9.5 eta_min=46.6
depth labels=original repeat=2 seed=42 fold=3 selected_epochs=20 fit_s=28.0 eta_min=46.5
depth labels=original repeat=2 seed=42 fold=4 selected_epochs=20 fit_s=26.7 eta_min=46.5
depth labels=original repeat=2 seed=7 fold=0 selected_epochs=12 fit_s=19.9 eta_min=46.3
depth labels=original repeat=2 seed=7 fold=1 selected_epochs=11 fit_s=18.9 eta_min=46.2
depth labels=original repeat=2 seed=7 fold=2 selected_epochs=11 fit_s=19.1 eta_min=46.0
depth labels=original repeat=2 seed=7 fold=3 selected_epochs=37 fit_s=44.9 eta_min=46.1
depth labels=original repeat=2 seed=7 fold=4 selected_epochs=7 fit_s=13.7 eta_min=45.9
depth labels=original repeat=2 seed=123 fold=0 selected_epochs=27 fit_s=35.2 eta_min=45.9
depth labels=original repeat=2 seed=123 fold=1 selected_epochs=34 fit_s=42.3 eta_min=46.0
depth labels=original repeat=2 seed=123 fold=2 selected_epochs=28 fit_s=36.8 eta_min=46.1
depth labels=original repeat=2 seed=123 fold=3 selected_epochs=21 fit_s=28.5 eta_min=46.0
depth labels=original repeat=2 seed=123 fold=4 selected_epochs=26 fit_s=33.2 eta_min=46.0
depth labels=original repeat=3 seed=42 fold=0 selected_epochs=43 fit_s=49.6 eta_min=46.2
depth labels=original repeat=3 seed=42 fold=1 selected_epochs=28 fit_s=34.9 eta_min=46.1
depth labels=original repeat=3 seed=42 fold=2 selected_epochs=45 fit_s=52.2 eta_min=46.3
depth labels=original repeat=3 seed=42 fold=3 selected_epochs=8 fit_s=14.8 eta_min=46.1
depth labels=original repeat=3 seed=42 fold=4 selected_epochs=14 fit_s=21.0 eta_min=45.9
depth labels=original repeat=3 seed=7 fold=0 selected_epochs=66 fit_s=74.3 eta_min=46.3
depth labels=original repeat=3 seed=7 fold=1 selected_epochs=60 fit_s=66.3 eta_min=46.6
depth labels=original repeat=3 seed=7 fold=2 selected_epochs=18 fit_s=24.5 eta_min=46.5
depth labels=original repeat=3 seed=7 fold=3 selected_epochs=11 fit_s=18.6 eta_min=46.3
depth labels=original repeat=3 seed=7 fold=4 selected_epochs=20 fit_s=29.4 eta_min=46.2
depth labels=original repeat=3 seed=123 fold=0 selected_epochs=26 fit_s=34.3 eta_min=46.1
depth labels=original repeat=3 seed=123 fold=1 selected_epochs=53 fit_s=61.5 eta_min=46.4
depth labels=original repeat=3 seed=123 fold=2 selected_epochs=26 fit_s=34.2 eta_min=46.3
depth labels=original repeat=3 seed=123 fold=3 selected_epochs=28 fit_s=35.3 eta_min=46.2
depth labels=original repeat=3 seed=123 fold=4 selected_epochs=22 fit_s=29.6 eta_min=46.1
{'model': 'depth', 'labels': 'original', 'all120_accuracy': 0.34375, 'all120_accuracy_std': 0.02456213775531584, 'all120_balanced_accuracy': 0.3065247252747253, 'all120_macro_f1': 0.29189392915034523, 'unchanged110_accuracy': 0.3477272727272727, 'unchanged110_accuracy_std': 0.020705530861691596, 'unchanged110_balanced_accuracy': 0.30272258088047566, 'unchanged110_macro_f1': 0.28404044818049534, 'n_params': 89029, 'fit_seconds_mean': 22.526618066769636}
depth labels=corrected repeat=0 seed=42 fold=0 selected_epochs=20 fit_s=28.0 eta_min=46.0
depth labels=corrected repeat=0 seed=42 fold=1 selected_epochs=20 fit_s=26.2 eta_min=45.8
depth labels=corrected repeat=0 seed=42 fold=2 selected_epochs=20 fit_s=26.9 eta_min=45.7
depth labels=corrected repeat=0 seed=42 fold=3 selected_epochs=16 fit_s=24.2 eta_min=45.5
depth labels=corrected repeat=0 seed=42 fold=4 selected_epochs=20 fit_s=26.7 eta_min=45.4
depth labels=corrected repeat=0 seed=7 fold=0 selected_epochs=24 fit_s=32.4 eta_min=45.3
depth labels=corrected repeat=0 seed=7 fold=1 selected_epochs=37 fit_s=45.0 eta_min=45.3
depth labels=corrected repeat=0 seed=7 fold=2 selected_epochs=24 fit_s=32.5 eta_min=45.2
depth labels=corrected repeat=0 seed=7 fold=3 selected_epochs=8 fit_s=15.8 eta_min=44.9
depth labels=corrected repeat=0 seed=7 fold=4 selected_epochs=37 fit_s=43.7 eta_min=44.9
depth labels=corrected repeat=0 seed=123 fold=0 selected_epochs=23 fit_s=30.3 eta_min=44.8
depth labels=corrected repeat=0 seed=123 fold=1 selected_epochs=12 fit_s=19.6 eta_min=44.6
depth labels=corrected repeat=0 seed=123 fold=2 selected_epochs=12 fit_s=19.1 eta_min=44.3
depth labels=corrected repeat=0 seed=123 fold=3 selected_epochs=2 fit_s=9.4 eta_min=44.0
depth labels=corrected repeat=0 seed=123 fold=4 selected_epochs=12 fit_s=19.1 eta_min=43.8
depth labels=corrected repeat=1 seed=42 fold=0 selected_epochs=38 fit_s=44.9 eta_min=43.7
depth labels=corrected repeat=1 seed=42 fold=1 selected_epochs=24 fit_s=31.6 eta_min=43.6
depth labels=corrected repeat=1 seed=42 fold=2 selected_epochs=49 fit_s=54.7 eta_min=43.7
depth labels=corrected repeat=1 seed=42 fold=3 selected_epochs=20 fit_s=29.0 eta_min=43.5
depth labels=corrected repeat=1 seed=42 fold=4 selected_epochs=50 fit_s=59.1 eta_min=43.6
depth labels=corrected repeat=1 seed=7 fold=0 selected_epochs=24 fit_s=30.7 eta_min=43.4
depth labels=corrected repeat=1 seed=7 fold=1 selected_epochs=37 fit_s=44.5 eta_min=43.4
depth labels=corrected repeat=1 seed=7 fold=2 selected_epochs=24 fit_s=32.8 eta_min=43.3
depth labels=corrected repeat=1 seed=7 fold=3 selected_epochs=40 fit_s=47.8 eta_min=43.2
depth labels=corrected repeat=1 seed=7 fold=4 selected_epochs=22 fit_s=31.2 eta_min=43.1
depth labels=corrected repeat=1 seed=123 fold=0 selected_epochs=31 fit_s=25.2 eta_min=42.9
depth labels=corrected repeat=1 seed=123 fold=1 selected_epochs=42 fit_s=12.1 eta_min=42.5
depth labels=corrected repeat=1 seed=123 fold=2 selected_epochs=33 fit_s=10.4 eta_min=42.2
depth labels=corrected repeat=1 seed=123 fold=3 selected_epochs=11 fit_s=4.7 eta_min=41.8
depth labels=corrected repeat=1 seed=123 fold=4 selected_epochs=26 fit_s=10.1 eta_min=41.5
depth labels=corrected repeat=2 seed=42 fold=0 selected_epochs=16 fit_s=6.1 eta_min=41.2
depth labels=corrected repeat=2 seed=42 fold=1 selected_epochs=27 fit_s=10.2 eta_min=40.8
depth labels=corrected repeat=2 seed=42 fold=2 selected_epochs=43 fit_s=13.4 eta_min=40.5
depth labels=corrected repeat=2 seed=42 fold=3 selected_epochs=43 fit_s=13.7 eta_min=40.2
depth labels=corrected repeat=2 seed=42 fold=4 selected_epochs=20 fit_s=8.5 eta_min=39.9
depth labels=corrected repeat=2 seed=7 fold=0 selected_epochs=56 fit_s=16.4 eta_min=39.6
depth labels=corrected repeat=2 seed=7 fold=1 selected_epochs=21 fit_s=6.4 eta_min=39.3
depth labels=corrected repeat=2 seed=7 fold=2 selected_epochs=16 fit_s=6.7 eta_min=38.9
depth labels=corrected repeat=2 seed=7 fold=3 selected_epochs=24 fit_s=7.4 eta_min=38.6
depth labels=corrected repeat=2 seed=7 fold=4 selected_epochs=51 fit_s=16.4 eta_min=38.3
depth labels=corrected repeat=2 seed=123 fold=0 selected_epochs=75 fit_s=23.2 eta_min=38.1
depth labels=corrected repeat=2 seed=123 fold=1 selected_epochs=12 fit_s=4.7 eta_min=37.8
depth labels=corrected repeat=2 seed=123 fold=2 selected_epochs=23 fit_s=7.4 eta_min=37.4
depth labels=corrected repeat=2 seed=123 fold=3 selected_epochs=34 fit_s=11.7 eta_min=37.1
depth labels=corrected repeat=2 seed=123 fold=4 selected_epochs=67 fit_s=23.7 eta_min=36.9
depth labels=corrected repeat=3 seed=42 fold=0 selected_epochs=35 fit_s=11.8 eta_min=36.6
depth labels=corrected repeat=3 seed=42 fold=1 selected_epochs=53 fit_s=15.9 eta_min=36.3
depth labels=corrected repeat=3 seed=42 fold=2 selected_epochs=23 fit_s=7.9 eta_min=36.0
depth labels=corrected repeat=3 seed=42 fold=3 selected_epochs=35 fit_s=12.9 eta_min=35.7
depth labels=corrected repeat=3 seed=42 fold=4 selected_epochs=21 fit_s=7.5 eta_min=35.4
depth labels=corrected repeat=3 seed=7 fold=0 selected_epochs=38 fit_s=11.5 eta_min=35.1
depth labels=corrected repeat=3 seed=7 fold=1 selected_epochs=21 fit_s=7.2 eta_min=34.7
depth labels=corrected repeat=3 seed=7 fold=2 selected_epochs=16 fit_s=5.6 eta_min=34.4
depth labels=corrected repeat=3 seed=7 fold=3 selected_epochs=32 fit_s=10.6 eta_min=34.1
depth labels=corrected repeat=3 seed=7 fold=4 selected_epochs=27 fit_s=10.8 eta_min=33.8
depth labels=corrected repeat=3 seed=123 fold=0 selected_epochs=23 fit_s=11.3 eta_min=33.5
depth labels=corrected repeat=3 seed=123 fold=1 selected_epochs=23 fit_s=8.3 eta_min=33.2
depth labels=corrected repeat=3 seed=123 fold=2 selected_epochs=4 fit_s=2.6 eta_min=32.8
