line token cache hit: /mnt/data/projects/Running_projects/26_0161_LIBS_data_challenge_2026/Methods/David/Beijing2026_contest/cache/line_tokens/bd6b72e526a7.npz
LineTokens(n_samples=120, rows=10, lines=274, descriptors=8); labels: original; budgets [10, 20, 40, 80, 150, 250]; exporting top 80
[Parallel(n_jobs=10)]: Using backend LokyBackend with 10 concurrent workers.
[Parallel(n_jobs=10)]: Done   3 out of  10 | elapsed:  2.1min remaining:  5.0min
[Parallel(n_jobs=10)]: Done   6 out of  10 | elapsed:  2.2min remaining:  1.5min
[Parallel(n_jobs=10)]: Done  10 out of  10 | elapsed:  2.3min finished

benchmark (sample level, identical grouped folds)
                            representation  n_features  n_repeats  accuracy  balanced_accuracy  f1_macro  accuracy_std
                  full spectrum (12282 px)       12282         10     0.735              0.698     0.707         0.026
                274 lines: all descriptors        2192         10     0.708              0.657     0.669         0.026
       274 lines: line only (no continuum)        1644         10     0.694              0.642     0.650         0.024
       274 lines: intensity (area, height)         548         10     0.634              0.566     0.580         0.025
274 lines: shape (width, shift, asymmetry)         822         10     0.684              0.606     0.619         0.023
       274 lines: continuum (level, slope)         548         10     0.604              0.537     0.559         0.032
[19s]

nested selection (lines ranked on the training folds only)
selection  random  selected  random_std  selected_std
n_lines                                              
10          0.588     0.649       0.040         0.027
20          0.594     0.657       0.029         0.028
40          0.629     0.655       0.031         0.033
80          0.654     0.680       0.027         0.024
150         0.682     0.695       0.028         0.026
250         0.718     0.715       0.023         0.020
[157s]

top 40 lines (of 80 selected)
 rank  wavelength_nm  channel    assignment  n_competing  occlusion  selection_freq_top80  rank_sd best_descriptor  best_F  rho_area  rho_continuum
    1        656.307        3   H I 656.279            2      0.006                 0.940    0.490           shift   9.493     0.186         -0.263
    2        374.548        1  Fe I 374.556            1      0.005                 0.860    1.897       asymmetry   5.778     0.049          0.166
    3        371.968        1  Fe I 371.993            0      0.003                 1.000    8.163           shift   8.442     0.093          0.235
    4        364.737        1  Fe I 364.784            0      0.001                 0.820   13.705           width   4.558     0.025          0.238
    5        375.775        1  Fe I 375.823            0      0.002                 0.980   22.103       asymmetry  11.139     0.042          0.241
    6        349.730        1  Fe I 349.784            0      0.001                 0.760   10.962           width  12.948     0.048          0.034
    7        322.570        1  Fe I 322.579            0      0.000                 0.660   11.034          height   4.565    -0.200         -0.176
    8        356.967        1  Fe I 357.010            0      0.002                 0.840   26.370           shift   4.372    -0.052          0.202
    9        387.804        1  Fe I 387.857            2      0.001                 0.860   19.033       asymmetry   6.864     0.032          0.161
   10        349.045        1  Fe I 349.057            0      0.002                 0.920   30.173 continuum_slope  11.326     0.063          0.060
   11        435.158        2  Cr I 435.176            1      0.001                 0.560   24.121 continuum_slope   7.826    -0.250          0.064
   12        361.831        1  Fe I 361.877            0      0.001                 0.760   13.703       asymmetry   7.921    -0.024          0.193
   13        351.337        1  Fe I 351.382            0      0.001                 0.840    9.495 continuum_slope   8.181    -0.103          0.088
   14        385.971        1  Fe I 385.991            0      0.001                 0.740   20.323           shift   8.207     0.093          0.212
   15        939.242        3   N I 939.279            0      0.004                 0.860   31.129           width   5.872    -0.118          0.205
   16        335.804        1  Mo I 335.812            0      0.000                 0.340   48.471 continuum_slope   6.398    -0.163          0.029
   17        352.580        1  Fe I 352.604            5      0.000                 0.700   15.147           shift   5.250    -0.147          0.162
   18        944.658        3 Fe II 944.668            0      0.003                 0.400   64.404 continuum_slope   9.698    -0.453         -0.421
   19        379.477        1  Fe I 379.500            0      0.001                 0.840   26.280           shift   6.337     0.018          0.280
   20        295.400        1 Fe II 295.377            1      0.001                 0.440   42.178           width   7.352    -0.128         -0.086
   21        302.569        1  Fe I 302.584            1      0.001                 0.460   31.436 continuum_slope   6.192    -0.167         -0.037
   22        368.715        1  Fe I 368.746            0      0.001                 0.620   44.657           width   3.833    -0.031          0.261
   23        302.093        1  Fe I 302.107            1      0.001                 0.660   82.763 continuum_slope   4.674    -0.088         -0.075
   24        501.764        2 Fe II 501.844            0      0.001                 0.640   53.525 continuum_slope   4.889     0.003          0.175
   25        319.663        1  Fe I 319.693            0      0.001                 0.500   50.487 continuum_slope   4.498    -0.161         -0.021
   26        649.483        3 Fe II 649.521            2      0.002                 0.620   54.406 continuum_slope   8.514    -0.026         -0.320
   27        313.215        1  Mo I 313.259            2      0.001                 0.240   33.624 continuum_slope   4.078    -0.228         -0.029
   28        330.635        1  Fe I 330.635            3      0.001                 0.740   63.805           shift   5.731    -0.103          0.051
   29        341.299        1  Fe I 341.313            0      0.004                 0.860   24.693 continuum_slope  11.642    -0.030          0.024
   30        357.840        1  Cr I 357.870            0      0.001                 0.800   51.161       continuum   4.654    -0.015          0.142
   31        427.412        2  Cr I 427.481            0      0.000                 0.520   58.721           shift   3.276     0.007          0.069
   32        344.353        1  Fe I 344.388            0      0.002                 0.600   48.069 continuum_slope  12.262     0.007          0.076
   33        304.081        1  Fe I 304.174            4      0.000                 0.440   67.228           width   3.607    -0.224         -0.055
   34        516.691        2  Fe I 516.749            0      0.001                 0.440   33.900           shift   4.060    -0.112          0.063
   35        283.570        1 Cr II 283.563            1      0.002                 0.420   52.211 continuum_slope   4.388    -0.183         -0.188
   36        284.986        1 Cr II 284.983            1      0.000                 0.260   38.585 continuum_slope   5.139    -0.222         -0.226
   37        360.846        1  Fe I 360.886            0      0.000                 0.380   20.846           width   6.909    -0.027          0.197
   38        318.057        1  Fe I 318.022            2      0.000                 0.220   75.994            area   2.921    -0.233         -0.024
   39        370.538        1  Fe I 370.557            0      0.001                 0.540   43.493           shift   5.694     0.091          0.267
   40        403.012        2  Fe I 403.049            2      0.001                 0.480   99.320 continuum_slope   3.964    -0.242          0.161

selected lines per (tentative) element: {'Fe': 60, 'Cr': 11, 'N': 4, 'Mo': 2, 'H': 1, 'Ar': 1, 'V': 1}
selected lines per channel: {1: 62, 2: 10, 3: 8}
10 nm windows: Spearman between summed line occlusion and the pixel occlusion of scripts/27: +0.13

selected tokens -> /mnt/data/projects/Running_projects/26_0161_LIBS_data_challenge_2026/Methods/David/Beijing2026_contest/cache/line_tokens/selected_top80.npz  LineTokens(n_samples=180, rows=10, lines=80, descriptors=8)
figures -> /mnt/data/projects/Running_projects/26_0161_LIBS_data_challenge_2026/Methods/David/Beijing2026_contest/results/figures  [181s]
exit 0
